// Jest Snapshot v1, https://goo.gl/fbAQLP

exports[`Renders without crashing [Snapshot] 1`] = `
<DocumentFragment>
  This is the homepage.
</DocumentFragment>
`;
