// Jest Snapshot v1, https://goo.gl/fbAQLP

exports[`Renders without crashing 1`] = `
<DocumentFragment>
  <div>
    Hello Pedro!
  </div>
</DocumentFragment>
`;
